Notebook: ./prediction_DST+6_12H.ipynb
Expected output: ../../../vizualizacie/BZ_GSM/prediction_comparison_DST+6_LSTM_12H.csv
Start: 2026-04-16T02:00:52.841400

[NbConvertApp] Converting notebook ./prediction_DST+6_12H.ipynb to notebook
2026-04-16 02:00:55.271824: I tensorflow/core/platform/cpu_feature_guard.cc:210] This TensorFlow binary is optimized to use available CPU instructions in performance-critical operations.
To enable the following instructions: AVX2 FMA, in other operations, rebuild TensorFlow with the appropriate compiler flags.
Traceback (most recent call last):
  File "/opt/conda/bin/jupyter-nbconvert", line 10, in <module>
    sys.exit(main())
             ^^^^^^
  File "/opt/conda/lib/python3.12/site-packages/jupyter_core/application.py", line 283, in launch_instance
    super().launch_instance(argv=argv, **kwargs)
  File "/opt/conda/lib/python3.12/site-packages/traitlets/config/application.py", line 1075, in launch_instance
    app.start()
  File "/opt/conda/lib/python3.12/site-packages/nbconvert/nbconvertapp.py", line 420, in start
    self.convert_notebooks()
  File "/opt/conda/lib/python3.12/site-packages/nbconvert/nbconvertapp.py", line 597, in convert_notebooks
    self.convert_single_notebook(notebook_filename)
  File "/opt/conda/lib/python3.12/site-packages/nbconvert/nbconvertapp.py", line 563, in convert_single_notebook
    output, resources = self.export_single_notebook(
                        ^^^^^^^^^^^^^^^^^^^^^^^^^^^^
  File "/opt/conda/lib/python3.12/site-packages/nbconvert/nbconvertapp.py", line 487, in export_single_notebook
    output, resources = self.exporter.from_filename(
                        ^^^^^^^^^^^^^^^^^^^^^^^^^^^^
  File "/opt/conda/lib/python3.12/site-packages/nbconvert/exporters/exporter.py", line 201, in from_filename
    return self.from_file(f, resources=resources, **kw)
           ^^^^^^^^^^^^^^^^^^^^^^^^^^^^^^^^^^^^^^^^^^^^
  File "/opt/conda/lib/python3.12/site-packages/nbconvert/exporters/exporter.py", line 220, in from_file
    return self.from_notebook_node(
           ^^^^^^^^^^^^^^^^^^^^^^^^
  File "/opt/conda/lib/python3.12/site-packages/nbconvert/exporters/notebook.py", line 36, in from_notebook_node
    nb_copy, resources = super().from_notebook_node(nb, resources, **kw)
                         ^^^^^^^^^^^^^^^^^^^^^^^^^^^^^^^^^^^^^^^^^^^^^^^
  File "/opt/conda/lib/python3.12/site-packages/nbconvert/exporters/exporter.py", line 154, in from_notebook_node
    nb_copy, resources = self._preprocess(nb_copy, resources)
                         ^^^^^^^^^^^^^^^^^^^^^^^^^^^^^^^^^^^^
  File "/opt/conda/lib/python3.12/site-packages/nbconvert/exporters/exporter.py", line 353, in _preprocess
    nbc, resc = preprocessor(nbc, resc)
                ^^^^^^^^^^^^^^^^^^^^^^^
  File "/opt/conda/lib/python3.12/site-packages/nbconvert/preprocessors/base.py", line 48, in __call__
    return self.preprocess(nb, resources)
           ^^^^^^^^^^^^^^^^^^^^^^^^^^^^^^
  File "/opt/conda/lib/python3.12/site-packages/nbconvert/preprocessors/execute.py", line 103, in preprocess
    self.preprocess_cell(cell, resources, index)
  File "/opt/conda/lib/python3.12/site-packages/nbconvert/preprocessors/execute.py", line 124, in preprocess_cell
    cell = self.execute_cell(cell, index, store_history=True)
           ^^^^^^^^^^^^^^^^^^^^^^^^^^^^^^^^^^^^^^^^^^^^^^^^^^
  File "/opt/conda/lib/python3.12/site-packages/jupyter_core/utils/__init__.py", line 165, in wrapped
    return loop.run_until_complete(inner)
           ^^^^^^^^^^^^^^^^^^^^^^^^^^^^^^
  File "/opt/conda/lib/python3.12/asyncio/base_events.py", line 691, in run_until_complete
    return future.result()
           ^^^^^^^^^^^^^^^
  File "/opt/conda/lib/python3.12/site-packages/nbclient/client.py", line 1062, in async_execute_cell
    await self._check_raise_for_error(cell, cell_index, exec_reply)
  File "/opt/conda/lib/python3.12/site-packages/nbclient/client.py", line 918, in _check_raise_for_error
    raise CellExecutionError.from_cell_and_msg(cell, exec_reply_content)
nbclient.exceptions.CellExecutionError: An error occurred while executing the following cell:
------------------
from sklearn.metrics import mean_absolute_error

# --- REGRESNÉ METRIKY ---
y_true_hybrid = y_test_true
y_pred_hybrid = y_hybrid_mean

mse = mean_squared_error(y_true_hybrid, y_pred_hybrid)
mae = mean_absolute_error(y_true_hybrid, y_pred_hybrid)

# --- KLASIFIKAČNÉ METRIKY ---
CLASSIFICATION_THRESHOLD_PRED = CLASSIFICATION_THRESHOLD
y_true_binary = np.where(y_true_hybrid <= -20, 1, 0)
y_pred_binary = np.where(y_pred_hybrid <= CLASSIFICATION_THRESHOLD_PRED, 1, 0)

conf_matrix = confusion_matrix(y_true_binary, y_pred_binary)
mcc = matthews_corrcoef(y_true_binary, y_pred_binary)

# --- VÝSTUP ---
print("--- Regresné metriky (Hybridný model) ---")
print(f"MSE: {mse:.4f}")
print(f"MAE: {mae:.4f}")

print(f"\n--- Klasifikačné metriky (Prah: {CLASSIFICATION_THRESHOLD_PRED} nT) ---")
print(f"Matthews Correlation Coefficient (MCC): {mcc:.4f}")

print("\nKonfúzna matica (Confusion Matrix):")
print("          | Predikcia 0 | Predikcia 1")
print("---------------------------------")
print(f"Skutočná 0 | {conf_matrix[0, 0]:>11} | {conf_matrix[0, 1]:>11}")
print(f"Skutočná 1 | {conf_matrix[1, 0]:>11} | {conf_matrix[1, 1]:>11}")

print("\nClassification Report (Trieda 1 je Búrka):")
print(classification_report(y_true_binary, y_pred_binary, target_names=['Trieda 0 (Normálna)', 'Trieda 1 (Búrka)']))
------------------


[31m---------------------------------------------------------------------------[39m
[31mValueError[39m                                Traceback (most recent call last)
[36mCell[39m[36m [39m[32mIn[21][39m[32m, line 7[39m
[32m      4[39m y_true_hybrid = y_test_true
[32m      5[39m y_pred_hybrid = y_hybrid_mean
[32m----> [39m[32m7[39m mse = [43mmean_squared_error[49m[43m([49m[43my_true_hybrid[49m[43m,[49m[43m [49m[43my_pred_hybrid[49m[43m)[49m
[32m      8[39m mae = mean_absolute_error(y_true_hybrid, y_pred_hybrid)
[32m     10[39m [38;5;66;03m# --- KLASIFIKAČNÉ METRIKY ---[39;00m

[36mFile [39m[32m/opt/conda/lib/python3.12/site-packages/sklearn/utils/_param_validation.py:216[39m, in [36mvalidate_params.<locals>.decorator.<locals>.wrapper[39m[34m(*args, **kwargs)[39m
[32m    210[39m [38;5;28;01mtry[39;00m:
[32m    211[39m     [38;5;28;01mwith[39;00m config_context(
[32m    212[39m         skip_parameter_validation=(
[32m    213[39m             prefer_skip_nested_validation [38;5;129;01mor[39;00m global_skip_validation
[32m    214[39m         )
[32m    215[39m     ):
[32m--> [39m[32m216[39m         [38;5;28;01mreturn[39;00m [43mfunc[49m[43m([49m[43m*[49m[43margs[49m[43m,[49m[43m [49m[43m*[49m[43m*[49m[43mkwargs[49m[43m)[49m
[32m    217[39m [38;5;28;01mexcept[39;00m InvalidParameterError [38;5;28;01mas[39;00m e:
[32m    218[39m     [38;5;66;03m# When the function is just a wrapper around an estimator, we allow[39;00m
[32m    219[39m     [38;5;66;03m# the function to delegate validation to the estimator, but we replace[39;00m
[32m    220[39m     [38;5;66;03m# the name of the estimator by the name of the function in the error[39;00m
[32m    221[39m     [38;5;66;03m# message to avoid confusion.[39;00m
[32m    222[39m     msg = re.sub(
[32m    223[39m         [33mr[39m[33m"[39m[33mparameter of [39m[33m\[39m[33mw+ must be[39m[33m"[39m,
[32m    224[39m         [33mf[39m[33m"[39m[33mparameter of [39m[38;5;132;01m{[39;00mfunc.[34m__qualname__[39m[38;5;132;01m}[39;00m[33m must be[39m[33m"[39m,
[32m    225[39m         [38;5;28mstr[39m(e),
[32m    226[39m     )

[36mFile [39m[32m/opt/conda/lib/python3.12/site-packages/sklearn/metrics/_regression.py:565[39m, in [36mmean_squared_error[39m[34m(y_true, y_pred, sample_weight, multioutput)[39m
[32m    515[39m [38;5;250m[39m[33;03m"""Mean squared error regression loss.[39;00m
[32m    516[39m 
[32m    517[39m [33;03mRead more in the :ref:`User Guide <mean_squared_error>`.[39;00m
[32m   (...)[39m[32m    561[39m [33;03m0.825...[39;00m
[32m    562[39m [33;03m"""[39;00m
[32m    563[39m xp, _ = get_namespace(y_true, y_pred, sample_weight, multioutput)
[32m    564[39m _, y_true, y_pred, sample_weight, multioutput = (
[32m--> [39m[32m565[39m     [43m_check_reg_targets_with_floating_dtype[49m[43m([49m
[32m    566[39m [43m        [49m[43my_true[49m[43m,[49m[43m [49m[43my_pred[49m[43m,[49m[43m [49m[43msample_weight[49m[43m,[49m[43m [49m[43mmultioutput[49m[43m,[49m[43m [49m[43mxp[49m[43m=[49m[43mxp[49m
[32m    567[39m [43m    [49m[43m)[49m
[32m    568[39m )
[32m    569[39m check_consistent_length(y_true, y_pred, sample_weight)
[32m    570[39m output_errors = _average((y_true - y_pred) ** [32m2[39m, axis=[32m0[39m, weights=sample_weight)

[36mFile [39m[32m/opt/conda/lib/python3.12/site-packages/sklearn/metrics/_regression.py:198[39m, in [36m_check_reg_targets_with_floating_dtype[39m[34m(y_true, y_pred, sample_weight, multioutput, xp)[39m
[32m    148[39m [38;5;250m[39m[33;03m"""Ensures that y_true, y_pred, and sample_weight correspond to the same[39;00m
[32m    149[39m [33;03mregression task.[39;00m
[32m    150[39m 
[32m   (...)[39m[32m    194[39m [33;03m    correct keyword.[39;00m
[32m    195[39m [33;03m"""[39;00m
[32m    196[39m dtype_name = _find_matching_floating_dtype(y_true, y_pred, sample_weight, xp=xp)
[32m--> [39m[32m198[39m y_type, y_true, y_pred, multioutput = [43m_check_reg_targets[49m[43m([49m
[32m    199[39m [43m    [49m[43my_true[49m[43m,[49m[43m [49m[43my_pred[49m[43m,[49m[43m [49m[43mmultioutput[49m[43m,[49m[43m [49m[43mdtype[49m[43m=[49m[43mdtype_name[49m[43m,[49m[43m [49m[43mxp[49m[43m=[49m[43mxp[49m
[32m    200[39m [43m[49m[43m)[49m
[32m    202[39m [38;5;66;03m# _check_reg_targets does not accept sample_weight as input.[39;00m
[32m    203[39m [38;5;66;03m# Convert sample_weight's data type separately to match dtype_name.[39;00m
[32m    204[39m [38;5;28;01mif[39;00m sample_weight [38;5;129;01mis[39;00m [38;5;129;01mnot[39;00m [38;5;28;01mNone[39;00m:

[36mFile [39m[32m/opt/conda/lib/python3.12/site-packages/sklearn/metrics/_regression.py:105[39m, in [36m_check_reg_targets[39m[34m(y_true, y_pred, multioutput, dtype, xp)[39m
[32m    102[39m xp, _ = get_namespace(y_true, y_pred, multioutput, xp=xp)
[32m    104[39m check_consistent_length(y_true, y_pred)
[32m--> [39m[32m105[39m y_true = [43mcheck_array[49m[43m([49m[43my_true[49m[43m,[49m[43m [49m[43mensure_2d[49m[43m=[49m[38;5;28;43;01mFalse[39;49;00m[43m,[49m[43m [49m[43mdtype[49m[43m=[49m[43mdtype[49m[43m)[49m
[32m    106[39m y_pred = check_array(y_pred, ensure_2d=[38;5;28;01mFalse[39;00m, dtype=dtype)
[32m    108[39m [38;5;28;01mif[39;00m y_true.ndim == [32m1[39m:

[36mFile [39m[32m/opt/conda/lib/python3.12/site-packages/sklearn/utils/validation.py:1107[39m, in [36mcheck_array[39m[34m(array, accept_sparse, accept_large_sparse, dtype, order, copy, force_writeable, force_all_finite, ensure_all_finite, ensure_non_negative, ensure_2d, allow_nd, ensure_min_samples, ensure_min_features, estimator, input_name)[39m
[32m   1101[39m     [38;5;28;01mraise[39;00m [38;5;167;01mValueError[39;00m(
[32m   1102[39m         [33m"[39m[33mFound array with dim [39m[38;5;132;01m%d[39;00m[33m. [39m[38;5;132;01m%s[39;00m[33m expected <= 2.[39m[33m"[39m
[32m   1103[39m         % (array.ndim, estimator_name)
[32m   1104[39m     )
[32m   1106[39m [38;5;28;01mif[39;00m ensure_all_finite:
[32m-> [39m[32m1107[39m     [43m_assert_all_finite[49m[43m([49m
[32m   1108[39m [43m        [49m[43marray[49m[43m,[49m
[32m   1109[39m [43m        [49m[43minput_name[49m[43m=[49m[43minput_name[49m[43m,[49m
[32m   1110[39m [43m        [49m[43mestimator_name[49m[43m=[49m[43mestimator_name[49m[43m,[49m
[32m   1111[39m [43m        [49m[43mallow_nan[49m[43m=[49m[43mensure_all_finite[49m[43m [49m[43m==[49m[43m [49m[33;43m"[39;49m[33;43mallow-nan[39;49m[33;43m"[39;49m[43m,[49m
[32m   1112[39m [43m    [49m[43m)[49m
[32m   1114[39m [38;5;28;01mif[39;00m copy:
[32m   1115[39m     [38;5;28;01mif[39;00m _is_numpy_namespace(xp):
[32m   1116[39m         [38;5;66;03m# only make a copy if `array` and `array_orig` may share memory`[39;00m

[36mFile [39m[32m/opt/conda/lib/python3.12/site-packages/sklearn/utils/validation.py:120[39m, in [36m_assert_all_finite[39m[34m(X, allow_nan, msg_dtype, estimator_name, input_name)[39m
[32m    117[39m [38;5;28;01mif[39;00m first_pass_isfinite:
[32m    118[39m     [38;5;28;01mreturn[39;00m
[32m--> [39m[32m120[39m [43m_assert_all_finite_element_wise[49m[43m([49m
[32m    121[39m [43m    [49m[43mX[49m[43m,[49m
[32m    122[39m [43m    [49m[43mxp[49m[43m=[49m[43mxp[49m[43m,[49m
[32m    123[39m [43m    [49m[43mallow_nan[49m[43m=[49m[43mallow_nan[49m[43m,[49m
[32m    124[39m [43m    [49m[43mmsg_dtype[49m[43m=[49m[43mmsg_dtype[49m[43m,[49m
[32m    125[39m [43m    [49m[43mestimator_name[49m[43m=[49m[43mestimator_name[49m[43m,[49m
[32m    126[39m [43m    [49m[43minput_name[49m[43m=[49m[43minput_name[49m[43m,[49m
[32m    127[39m [43m[49m[43m)[49m

[36mFile [39m[32m/opt/conda/lib/python3.12/site-packages/sklearn/utils/validation.py:169[39m, in [36m_assert_all_finite_element_wise[39m[34m(X, xp, allow_nan, msg_dtype, estimator_name, input_name)[39m
[32m    152[39m [38;5;28;01mif[39;00m estimator_name [38;5;129;01mand[39;00m input_name == [33m"[39m[33mX[39m[33m"[39m [38;5;129;01mand[39;00m has_nan_error:
[32m    153[39m     [38;5;66;03m# Improve the error message on how to handle missing values in[39;00m
[32m    154[39m     [38;5;66;03m# scikit-learn.[39;00m
[32m    155[39m     msg_err += (
[32m    156[39m         [33mf[39m[33m"[39m[38;5;130;01m\n[39;00m[38;5;132;01m{[39;00mestimator_name[38;5;132;01m}[39;00m[33m does not accept missing values[39m[33m"[39m
[32m    157[39m         [33m"[39m[33m encoded as NaN natively. For supervised learning, you might want[39m[33m"[39m
[32m   (...)[39m[32m    167[39m         [33m"[39m[33m#estimators-that-handle-nan-values[39m[33m"[39m
[32m    168[39m     )
[32m--> [39m[32m169[39m [38;5;28;01mraise[39;00m [38;5;167;01mValueError[39;00m(msg_err)

[31mValueError[39m: Input contains NaN.

